// Jest Snapshot v1, https://goo.gl/fbAQLP

exports[`should getConfig 1`] = `
Object {
  "createdAt": Any<Date>,
  "env": "dev",
  "url": "abc",
}
`;
